--procs-- -----------------------memory---------------------- ---swap-- -----io---- -system-- ----------cpu----------
   r    b         swpd         free         buff        cache   si   so    bi    bo   in   cs  us  sy  id  wa  st  gu
   2    0          524      4166192        39216      1069056    0    0  6896 15814 2929   15   3   5  65  27   0   0
   0    0          524      4158028        39216      1069908    0    0   166     0 2870 14265   1   2  97   0   0   0
   0    0          524      4128192        39220      1071472    0    0  1122     0 2326 10971   5   2  92   0   0   0
   0    0          524      3840228        39228      1188088    0    0 12060    62 4093 16202   3   5  91   1   0   0
   0    0          524      3594868        39228      1316888    0    0 12364     0 2883 11639   3   5  92   0   0   0
   0    0          524      3453476        39236      1442456    0    0 12294    10 3922 16447   3   5  92   1   0   0
   1    0          524      3324804        39236      1567624    0    0 12226     0 2622 10255   2   4  93   1   0   0
   1    0          524      3195696        39248      1693136    0    0 12352  8666 4288 17203   2   4  93   1   0   0
   1    5          524      3037968        39276      1818364    0    0 12428 232964 2877 10889   2   5  70  22   0   0
   0    5          524      2951688        39276      1894764    0    0  7360     0 2732 10548   5   3  51  41   0   0
   0    8          524      2932432        39276      1928252    0    0  3842     0 3413 16284   1   3  58  38   0   0
   0   10          524      2907536        39292      1928372    0    0    64  8378  795 8350   0   1  41  58   0   0
   0    2          524      2880532        39368      1978292    0    0  4514 77182 3948 23017   7   2  41  50   0   0
   1    4          524      2806484        39368      2060408    0    0  7936 40832 2704 10612   2   4  64  31   0   0
   1    2          524      2676696        39368      2180892    0    0 11908     0 4566 18557   2   6  79  12   0   0
   0    2          524      2560104        39376      2303616    0    0 12032    94 2549 10282   2   4  82  12   0   0
   0    2          524      2423596        39376      2426232    0    0 12054     0 4164 17433   2   7  81  10   0   0
   0    3          524      2307144        39384      2550940    0    0 12194    36 2619 10444   2   4  81  14   0   0
   1    4          524      2214796        39384      2627136    0    0  7484 24824 2540 10265   3   4  60  33   0   0
   0    2          524      2125160        39384      2721592    0    0  9248 24610 3839 16791   2   4  67  27   0   0
   0    5          524      2038044        39392      2803416    0    0  8064 49366 2363 9637   1   3  65  30   0   0
--procs-- -----------------------memory---------------------- ---swap-- -----io---- -system-- ----------cpu----------
   r    b         swpd         free         buff        cache   si   so    bi    bo   in   cs  us  sy  id  wa  st  gu
   0    5          524      1959456        39392      2864592    0    0  5932 72064 2438 9854   6   3  57  34   0   0
   0    5          524      1954500        39392      2865744    0    0   130     0 2885 14873   2   2  41  55   0   0
   0    6          524      1930688        39404      2881800    0    0  1460 123074 1667 8179   1   2  59  38   0   0
   1    7          524      1912092        39404      2883180    0    0   154 38912 1188 4828  12   1  14  73   0   0
   1    6          524      1908144        39404      2884740    0    0   256  7680  595 1938  12   2  22  64   0   0
   0    5          524      1886876        39404      2895124    0    0  1348     0  829 3090  12   1  26  61   0   0
   1    0          524      1791292        39412      3018584    0    0 11904   114 3211 13872   2   4  82  12   0   0
   0    0          524      1656392        39412      3142288    0    0 12202     0 2868 12626   2   4  94   0   0   0
   0    0          524      1559508        39420      3265708    0    0 12156    36 3683 15168   2   4  93   0   0   0
   0    0          524      1418496        39420      3389084    0    0 12044     0 2875 11610   2   3  94   0   0   0
   0    7          524      1336280        39420      3478432    0    0  8576 41088 3605 15169   2   4  78  17   0   0
   2    1          524      1273364        39428      3544176    0    0  6910    88 2362 10902   1   3  63  34   0   0
   0    5          524      1214772        39428      3585840    0    0  3740 144512 4031 16956   2   4  52  42   0   0
   0    6          524      1212700        39432      3586016    0    0    10 89078 1699 8872   1   2  46  52   0   0
   0    7          524      1193596        39432      3586112    0    0    64     0 1057 14981   0   1  39  60   0   0
   0    7          524      1193596        39432      3586112    0    0     0     0  440 13144   0   1  25  74   0   0
   0    5          524      1207728        39436      3591316    0    0   512     2 1708 14724   1   1  41  57   0   0
   1    0          524      1163272        39444      3637844    0    0  4800    56 2477 10819   1   3  54  42   0   0
