--procs-- -----------------------memory---------------------- ---swap-- -----io---- -system-- ----------cpu----------
   r    b         swpd         free         buff        cache   si   so    bi    bo   in   cs  us  sy  id  wa  st  gu
   1    0          524      3521576        40732      1594960    0    0  6579 16857 2865   15   3   5  66  26   0   0
   0    0          524      3506912        40732      1595336    0    0    54     0 3874 17231   2   3  95   0   0   0
   4    0          524      3306512        40856      1625860    0    0    62     0 2475 12834   7   3  89   0   0   0
   1    0          524      2747220        40864      1837320    0    0     0   112 6225 25904  10  12  79   0   0   0
   0    0          524      2397200        40924      2048892    0    0   100 49822 4891 17534   9  11  80   0   0   0
   1    9          524      2165260        40996      2246868    0    0     0 149230 4875 17203   6  10  84   1   0   0
   9    1          524      1929288        41000      2443624    0    0    64     2 4933 17396   8  10  69  13   0   0
   0    9          524      1773784        41000      2604744    0    0     0     0 6165 22890   4   9  60  27   0   0
   1    9          524      1749384        41008      2626460    0    0     0    36 2396 9902   1   2  28  69   0   0
   0    9          524      1724876        41008      2640624    0    0     0     0 3319 15973   2   3  29  67   0   0
   0   11          524      1720000        41012      2654484    0    0     0 13224 2121 8909   1   1  34  64   0   0
   0    9          524      1693992        41044      2673048    0    0     0 110828 4079 16589   1   3  22  74   0   0
   1    9          524      1656116        41044      2693604    0    0     0     0 2638 10489   1   2  32  65   0   0
   0    9          524      1649864        41052      2711080    0    0     0    68 3659 16775   2   3  29  66   0   0
   0    9          524      1627548        41052      2731668    0    0     0     0 2175 9867   1   2  24  72   0   0
   0    9          524      1585272        41052      2761248    0    0     0     0 4350 18563   1   4  29  66   0   0
   0    9          524      1570296        41060      2782544    0    0     0    32 2336 10409   1   3  28  68   0   0
   1    9          524      1513448        41080      2807792    0    0    28 92500 4193 17240   2   3  33  62   0   0
   0    9          524      1519976        41088      2833588    0    0     0    88 2260 9664   1   2  26  71   0   0
   0    9          524      1471976        41092      2869544    0    0     0  3394 4234 17361   2   4  23  71   0   0
   0    9          524      1456612        41100      2896844    0    0    40 102656 2346 9721   1   2  29  68   0   0
--procs-- -----------------------memory---------------------- ---swap-- -----io---- -system-- ----------cpu----------
   r    b         swpd         free         buff        cache   si   so    bi    bo   in   cs  us  sy  id  wa  st  gu
   0    9          524      1429660        41108      2919352    0    0     0  3032 3694 16342   2   2  23  73   0   0
   0    9          524      1388980        41108      2951340    0    0     0   982 2688 10514   1   2  30  67   0   0
   0    9          524      1354540        41116      2982032    0    0     0    46 4221 17552   2   3  29  67   0   0
   0   25          524      1344428        41116      3004968    0    0     0 33406 2255 9436   1   2  15  82   0   0
   0   22          524      1315040        41116      3007268    0    0     0     0 2736 14525   1   3   2  95   0   0
   0   22          524      1325140        41116      3007268    0    0     0     0 2083 9027   1   1   0  98   0   0
   0   22          524      1333284        41116      3007280    0    0     0     0 3720 15684   1   2   0  96   0   0
   0   22          524      1336492        41116      3007272    0    0     0     0 1928 8205   0   1   0  98   0   0
   0   22          524      1339280        41116      3007248    0    0     0     0 3703 16074   1   3   0  96   0   0
   0   22          524      1336388        41116      3007408    0    0    64     0 2385 16624   3   1   0  96   0   0
   0   22          524      1332628        41116      3007448    0    0     0     0 4717 33053   6   4   0  91   0   0
   0   22          524      1331196        41116      3007400    0    0     0     0 3021 25863   5   2   0  93   0   0
   0    1          524      1299516        41148      3036848    0    0     0 105984 5395 32596   6   4   6  84   0   0
   1    1          524      1067664        41148      3262900    0    0     0 85504 3998 16066   3   7  87   3   0   0
   1    8          524       939400        41148      3370912    0    0     0 59550 3985 16446   3   5  39  53   0   0
   0   19          524       906964        41152      3396276    0    0    64  6208 2592 14174   2   3  11  84   0   0
   0   19          524       906140        41152      3396400    0    0     0     0  798 14197   0   0   0  99   0   0
   0   19          524       905640        41152      3396400    0    0     0     0  711 14117   0   0   0  99   0   0
   0   18          524       931144        41152      3396500    0    0     0     0 1591 11761   1   1   0  98   0   0
   0   18          524       923956        41152      3396444    0    0     0     0 3341 16367   2   3   0  95   0   0
   0   18          524       929856        41152      3396520    0    0     0     0 1950 9187   1   2   0  97   0   0
--procs-- -----------------------memory---------------------- ---swap-- -----io---- -system-- ----------cpu----------
   r    b         swpd         free         buff        cache   si   so    bi    bo   in   cs  us  sy  id  wa  st  gu
   0   18          524       929416        41152      3396412    0    0     4     0 3607 16276   2   2   0  96   0   0
   0   18          524       919300        41152      3396616    0    0    64     0 1943 9200   1   1   0  98   0   0
   0   18          524       920460        41152      3396668    0    0     0     0 3966 16813   2   3   0  95   0   0
   0   18          524       917556        41152      3396644    0    0     0     0 2371 9733   1   2   0  97   0   0
   0   18          524       916452        41152      3396672    0    0     0     0 2972 15679   2   3   0  95   0   0
   0    0          524       712860        41164      3600004    0    0     0  9458 3867 15348   3   6  69  22   0   0
   4    0          524       454088        41164      3826080    0    0     0 65800 5876 23335   5   9  82   4   0   0
   0    9          524       357048        41172      3950352    0    0     0 65712 4516 16464   5   6  57  32   0   0
   0   23          524       329784        41172      3979048    0    0     0 18292 4423 18649   2   4  30  65   0   0
   0   23          524       333480        41172      3980464    0    0     0     0 2378 9407   1   2   7  91   0   0
   0   25          524       318564        41172      3980700    0    0    18     0 2263 9275   1   2  12  85   0   0
   0    2          524       282080        41180      4025700    0    0     0 100548 1634 6746   1   3  19  76   0   0
   0    9          524       208232        41180      4104260    0    0     0 105040 4387 16682   3   5  41  51   0   0
   0    8          524       148340        41180      4159392    0    0     0 24356 3074 11931   1   3  36  60   0   0
   8    5          524       151324        40752      4173856    0   72     0   230 4281 18777   2   6  23  69   0   0
   0    8          524       134308        40716      4192896    0    0   456     0 2978 11360   2   5  33  60   0   0
   1   10          780       120728        40724      4222360    0   30    44    96 2713 11094   2   5  25  68   0   0
   0   12         1036       114516        40724      4237460    0   40   192    40  919 3523   1   4  33  63   0   0
   0   12         1036       114580        40724      4236672    0   20     0    20  970 3371   2   3  27  68   0   0
   1   18         1036       118288        40732      4235000    0   32   938  8434  845 2823   0   2  15  83   0   0
   2   11         1292       121760        40732      4221612    0  148   912 57492 1582 4768   1   3  29  67   0   0
--procs-- -----------------------memory---------------------- ---swap-- -----io---- -system-- ----------cpu----------
   r    b         swpd         free         buff        cache   si   so    bi    bo   in   cs  us  sy  id  wa  st  gu
   0   13         1292       121712        40620      4231284    0    6   640 179688 1448 4499   1   3  22  74   0   0
   0   11         1804       129256        40620      4218288    0   46   558 80574 1495 4454   0   3  22  74   0   0
   0   13         1804       120188        40620      4222132    0    0   942     0 1998 5816   1   3  21  75   0   0
   0   13         1804       119412        40628      4219984    0    0   322   140 1977 5921   1   6  18  75   0   0
   0   11         1804       130340        40628      4202064    0    2   314     2 2187 6745   1   5  31  63   0   0
   0   10         1804       126988        40636      4207236    0    2   904    68 2116 6615   2   6  33  59   0   0
   1    4         1804       118372        40636      4225756    0   36  3748    36 2793 9198   2   8  38  51   0   0
   2   10         1804       119752        40628      4208988    0   58  3930 82186 3101 10713   3   9  24  65   0   0
   0   11         2060       124856        40452      4218644    0   22  1428 164732 3374 11677   2   8  19  70   0   0
   0   12         2060       133572        40452      4196868    0   14   934 46166 4167 14455   2   6  30  62   0   0
   0   12         2060       126880        40456      4202800    0    0   256 32484 2286 6973   1   5  34  60   0   0
   0   10         2060       127024        40460      4204528    0    2   768     4 2071 6176   1   6  40  52   0   0
   0   11         2060       112196        40460      4177560    0   16   644    16 4174 17556   2   6  35  56   0   0
   0   11         2060       111892        40468      4177560    0    0     0    72 2017 16322   1   3  30  67   0   0
   1   10         2328       131852        39592      4182648    0  172  4228   172 2732 18207   1   6  33  60   0   0
   0   11         2840       117932        37800      4196072    0  200  5128   262 2688 18201   2   6  28  64   0   0
   1    8         2840       123104        37800      4210876    0   74  4084    74 3876 16428   2   8  59  31   0   0
